// Jest Snapshot v1, https://goo.gl/fbAQLP

exports[`localizes subscription labels 1`] = `
<div>
  <div
    class="flex justify-between"
  >
    <div
      class="ttc-s pv4 c-muted-2 t-small"
    >
      Subscription
    </div>
    <div>
      <button
        class="vtex-button bw1 ba fw5 v-mid relative pa0 lh-solid br2 min-h-small t-action--small bg-transparent b--transparent c-action-primary hover-b--transparent hover-bg-action-secondary hover-b--action-secondary pointer "
        tabindex="0"
        type="button"
      >
        <div
          class="vtex-button__label flex items-center justify-center h-100 ph2 nr1 "
          style="padding-top: .25em; padding-bottom: .32em;"
        >
          Remove
        </div>
      </button>
    </div>
  </div>
  <div
    class="undefined mb4"
  >
    <div
      class="undefined mb3"
    >
      <span
        class="undefined c-muted-1 t-small overflow-hidden"
      />
    </div>
    <div
      class="undefined inline-flex flex-wrap flex items-center"
    >
      <div
        class="relative di pointer flex items-center outline-0 mr4"
        role="button"
        tabindex="0"
      >
        <div
          class="frameAround absolute b--action-primary br3 bw1 ba"
        />
        <div
          class="w-100 h-100 ba br2 bw1 b--muted-4 z-1 c-muted-5 flex items-center overflow-hidden"
        >
          <div
            class="c-on-base center pv3 ph5 z-1 t-body"
          >
            7 day
          </div>
        </div>
      </div>
    </div>
  </div>
  <div
    class="undefined mb4"
  >
    <div
      class="undefined mb3"
    >
      <span
        class="undefined c-muted-1 t-small overflow-hidden"
      />
    </div>
    <div
      class="undefined inline-flex flex-wrap flex items-center"
    >
      <div
        class="relative di pointer flex items-center outline-0 mr4"
        role="button"
        tabindex="0"
      >
        <div
          class="frameAround absolute b--action-primary br3 bw1 ba"
        />
        <div
          class="w-100 h-100 ba br2 bw1 b--muted-4 z-1 c-muted-5 flex items-center overflow-hidden"
        >
          <div
            class="c-on-base center pv3 ph5 z-1 t-body"
          >
            0
          </div>
        </div>
      </div>
      <div
        class="relative di pointer flex items-center outline-0 mr4"
        role="button"
        tabindex="0"
      >
        <div
          class="frameAround absolute b--action-primary br3 bw1"
        />
        <div
          class="w-100 h-100 ba br2 bw1 b--muted-4 z-1 c-muted-5 flex items-center overflow-hidden hover-b--muted-2"
        >
          <div
            class="c-on-base center pv3 ph5 z-1 t-body"
          >
             2
          </div>
        </div>
      </div>
      <div
        class="relative di pointer flex items-center outline-0 mr4"
        role="button"
        tabindex="0"
      >
        <div
          class="frameAround absolute b--action-primary br3 bw1"
        />
        <div
          class="w-100 h-100 ba br2 bw1 b--muted-4 z-1 c-muted-5 flex items-center overflow-hidden hover-b--muted-2"
        >
          <div
            class="c-on-base center pv3 ph5 z-1 t-body"
          >
             6
          </div>
        </div>
      </div>
    </div>
  </div>
</div>
`;
